../src/APLICACION/App.cpp:34:9:uint8_t App()	24	static
../src/APLICACION/App.cpp:53:6:void prueba()	8	static
../src/APLICACION/App.cpp:64:6:void MdeE()	8	static
../src/APLICACION/App.cpp:70:6:void analisisdeTramas(uint8_t)	16	static
../src/APLICACION/App.cpp:75:6:void Inicializacion()	8	static
../src/APLICACION/App.cpp:93:9:uint8_t LeerBufferRX()	16	static
../src/APLICACION/App.cpp:105:6:void AnalizarTramaConexion(uint8_t)	16	static
../src/APLICACION/App.cpp:200:6:void AnalizarTramaUart0(uint8_t)	16	static
../src/APLICACION/App.cpp:293:1:void __static_initialization_and_destruction_0()	8	static
../src/APLICACION/App.cpp:293:1:cpp)	8	static
