C:/nxp/MCUXpressoIDE_11.10.0_3148/ide/plugins/com.nxp.mcuxpresso.tools.win32_11.10.0.202311280810/tools/arm-none-eabi/include/c++/13.2.1/bits/stl_vector.h:133:14:std::_Vector_base<CALLBACK*, std::allocator<CALLBACK*> >::_Vector_impl::~_Vector_impl()	24	static
C:/nxp/MCUXpressoIDE_11.10.0_3148/ide/plugins/com.nxp.mcuxpresso.tools.win32_11.10.0.202311280810/tools/arm-none-eabi/include/c++/13.2.1/bits/stl_vector.h:312:7:std::_Vector_base<_Tp, _Alloc>::_Vector_base() [with _Tp = CALLBACK*; _Alloc = std::allocator<CALLBACK*>]	16	static
C:/nxp/MCUXpressoIDE_11.10.0_3148/ide/plugins/com.nxp.mcuxpresso.tools.win32_11.10.0.202311280810/tools/arm-none-eabi/include/c++/13.2.1/bits/stl_vector.h:528:7:std::vector<_Tp, _Alloc>::vector() [with _Tp = CALLBACK*; _Alloc = std::allocator<CALLBACK*>]	16	static
../src/SYSTICK_Driver/SYSTICK.cpp:17:1:SYSTICK::SYSTICK(uint32_t)	24	static
../src/SYSTICK_Driver/SYSTICK.cpp:35:6:void SysTick_Handler()	24	static
C:/nxp/MCUXpressoIDE_11.10.0_3148/ide/plugins/com.nxp.mcuxpresso.tools.win32_11.10.0.202311280810/tools/arm-none-eabi/include/c++/13.2.1/bits/stl_vector.h:137:2:std::_Vector_base<_Tp, _Alloc>::_Vector_impl::_Vector_impl() [with _Tp = CALLBACK*; _Alloc = std::allocator<CALLBACK*>]	24	static
C:/nxp/MCUXpressoIDE_11.10.0_3148/ide/plugins/com.nxp.mcuxpresso.tools.win32_11.10.0.202311280810/tools/arm-none-eabi/include/c++/13.2.1/bits/stl_vector.h:364:7:std::_Vector_base<_Tp, _Alloc>::~_Vector_base() [with _Tp = CALLBACK*; _Alloc = std::allocator<CALLBACK*>]	16	static
C:/nxp/MCUXpressoIDE_11.10.0_3148/ide/plugins/com.nxp.mcuxpresso.tools.win32_11.10.0.202311280810/tools/arm-none-eabi/include/c++/13.2.1/bits/stl_vector.h:870:7:std::vector<_Tp, _Alloc>::iterator std::vector<_Tp, _Alloc>::begin() [with _Tp = CALLBACK*; _Alloc = std::allocator<CALLBACK*>]	24	static
C:/nxp/MCUXpressoIDE_11.10.0_3148/ide/plugins/com.nxp.mcuxpresso.tools.win32_11.10.0.202311280810/tools/arm-none-eabi/include/c++/13.2.1/bits/stl_vector.h:890:7:std::vector<_Tp, _Alloc>::iterator std::vector<_Tp, _Alloc>::end() [with _Tp = CALLBACK*; _Alloc = std::allocator<CALLBACK*>]	24	static
C:/nxp/MCUXpressoIDE_11.10.0_3148/ide/plugins/com.nxp.mcuxpresso.tools.win32_11.10.0.202311280810/tools/arm-none-eabi/include/c++/13.2.1/bits/stl_iterator.h:1241:5:bool __gnu_cxx::operator!=(const __normal_iterator<_Iterator, _Container>&, const __normal_iterator<_Iterator, _Container>&) [with _Iterator = CALLBACK**; _Container = std::vector<CALLBACK*>]	24	static
C:/nxp/MCUXpressoIDE_11.10.0_3148/ide/plugins/com.nxp.mcuxpresso.tools.win32_11.10.0.202311280810/tools/arm-none-eabi/include/c++/13.2.1/bits/stl_iterator.h:1109:7:__gnu_cxx::__normal_iterator<_Iterator, _Container>& __gnu_cxx::__normal_iterator<_Iterator, _Container>::operator++() [with _Iterator = CALLBACK**; _Container = std::vector<CALLBACK*>]	16	static
C:/nxp/MCUXpressoIDE_11.10.0_3148/ide/plugins/com.nxp.mcuxpresso.tools.win32_11.10.0.202311280810/tools/arm-none-eabi/include/c++/13.2.1/bits/stl_iterator.h:1099:7:__gnu_cxx::__normal_iterator<_Iterator, _Container>::reference __gnu_cxx::__normal_iterator<_Iterator, _Container>::operator*() const [with _Iterator = CALLBACK**; _Container = std::vector<CALLBACK*>]	16	static
C:/nxp/MCUXpressoIDE_11.10.0_3148/ide/plugins/com.nxp.mcuxpresso.tools.win32_11.10.0.202311280810/tools/arm-none-eabi/include/c++/13.2.1/bits/stl_vector.h:99:2:std::_Vector_base<_Tp, _Alloc>::_Vector_impl_data::_Vector_impl_data() [with _Tp = CALLBACK*; _Alloc = std::allocator<CALLBACK*>]	16	static
C:/nxp/MCUXpressoIDE_11.10.0_3148/ide/plugins/com.nxp.mcuxpresso.tools.win32_11.10.0.202311280810/tools/arm-none-eabi/include/c++/13.2.1/bits/new_allocator.h:100:7:std::__new_allocator<_Tp>::~__new_allocator() [with _Tp = CALLBACK*]	16	static
C:/nxp/MCUXpressoIDE_11.10.0_3148/ide/plugins/com.nxp.mcuxpresso.tools.win32_11.10.0.202311280810/tools/arm-none-eabi/include/c++/13.2.1/bits/stl_vector.h:383:7:void std::_Vector_base<_Tp, _Alloc>::_M_deallocate(pointer, std::size_t) [with _Tp = CALLBACK*; _Alloc = std::allocator<CALLBACK*>]	40	static
C:/nxp/MCUXpressoIDE_11.10.0_3148/ide/plugins/com.nxp.mcuxpresso.tools.win32_11.10.0.202311280810/tools/arm-none-eabi/include/c++/13.2.1/bits/stl_iterator.h:1076:7:__gnu_cxx::__normal_iterator<_Iterator, _Container>::__normal_iterator(const _Iterator&) [with _Iterator = CALLBACK**; _Container = std::vector<CALLBACK*>]	16	static
C:/nxp/MCUXpressoIDE_11.10.0_3148/ide/plugins/com.nxp.mcuxpresso.tools.win32_11.10.0.202311280810/tools/arm-none-eabi/include/c++/13.2.1/bits/stl_iterator.h:1162:7:const _Iterator& __gnu_cxx::__normal_iterator<_Iterator, _Container>::base() const [with _Iterator = CALLBACK**; _Container = std::vector<CALLBACK*>]	16	static
C:/nxp/MCUXpressoIDE_11.10.0_3148/ide/plugins/com.nxp.mcuxpresso.tools.win32_11.10.0.202311280810/tools/arm-none-eabi/include/c++/13.2.1/bits/new_allocator.h:152:7:void std::__new_allocator<_Tp>::deallocate(_Tp*, size_type) [with _Tp = CALLBACK*]	24	static
../src/SYSTICK_Driver/SYSTICK.cpp:40:1:void __static_initialization_and_destruction_0()	8	static
C:/nxp/MCUXpressoIDE_11.10.0_3148/ide/plugins/com.nxp.mcuxpresso.tools.win32_11.10.0.202311280810/tools/arm-none-eabi/include/c++/13.2.1/bits/stl_vector.h:730:7:std::vector<_Tp, _Alloc>::~vector() [with _Tp = CALLBACK*; _Alloc = std::allocator<CALLBACK*>]	40	static
C:/nxp/MCUXpressoIDE_11.10.0_3148/ide/plugins/com.nxp.mcuxpresso.tools.win32_11.10.0.202311280810/tools/arm-none-eabi/include/c++/13.2.1/bits/stl_vector.h:298:7:std::_Vector_base<_Tp, _Alloc>::_Tp_alloc_type& std::_Vector_base<_Tp, _Alloc>::_M_get_Tp_allocator() [with _Tp = CALLBACK*; _Alloc = std::allocator<CALLBACK*>]	16	static
C:/nxp/MCUXpressoIDE_11.10.0_3148/ide/plugins/com.nxp.mcuxpresso.tools.win32_11.10.0.202311280810/tools/arm-none-eabi/include/c++/13.2.1/bits/stl_construct.h:182:5:void std::_Destroy(_ForwardIterator, _ForwardIterator) [with _ForwardIterator = CALLBACK**]	16	static
C:/nxp/MCUXpressoIDE_11.10.0_3148/ide/plugins/com.nxp.mcuxpresso.tools.win32_11.10.0.202311280810/tools/arm-none-eabi/include/c++/13.2.1/bits/stl_construct.h:172:9:static void std::_Destroy_aux<true>::__destroy(_ForwardIterator, _ForwardIterator) [with _ForwardIterator = CALLBACK**]	16	static
../src/SYSTICK_Driver/SYSTICK.cpp:40:1:cpp)	8	static
