../src/SPI/SPI.cpp:33:6:void SPI_MEMORIA_Inicializacion()	16	static
../src/SPI/SPI.cpp:75:6:void SPI_HW_Enable()	8	static
../src/SPI/SPI.cpp:81:6:void SPI_HW_Disable()	8	static
../src/SPI/SPI.cpp:87:6:void SPI_WRITE_Enable()	8	static
../src/SPI/SPI.cpp:96:6:void SPI_WRITE_Disable()	8	static
../src/SPI/SPI.cpp:107:6:void SPI_HW_Write(uint8_t)	24	static
../src/SPI/SPI.cpp:131:9:uint8_t SPI_HW_Read()	16	static
../src/SPI/SPI.cpp:156:6:void SPI_Demora(uint32_t)	24	static
../src/SPI/SPI.cpp:163:6:void SPI_Borrar_Sector(uint32_t)	16	static
../src/SPI/SPI.cpp:180:6:void SPI_Borrar_Todo()	8	static
../src/SPI/SPI.cpp:193:6:void SPI_Borrar_Bloque(uint32_t)	16	static
../src/SPI/SPI.cpp:210:6:void SPI_Reset_SW()	8	static
../src/SPI/SPI.cpp:227:6:void SPI_Guardar(uint32_t, uint8_t*, uint32_t)	32	static
../src/SPI/SPI.cpp:237:6:void SPI_Guardar_Byte(uint32_t, uint8_t)	16	static
../src/SPI/SPI.cpp:268:6:void SPI_Leer(uint32_t, uint8_t*, uint32_t)	40	static
../src/SPI/SPI.cpp:298:9:uint8_t SPI_Leer_Configuracion(uint8_t)	32	static
../src/SPI/SPI.cpp:313:6:void SPI_Guardar_Configuracion(uint8_t, uint8_t*, uint32_t)	40	static
../src/SPI/SPI.cpp:331:6:void SPI_Jedec_ID_Leer()	8	static
../src/SPI/SPI.cpp:344:6:void SPI_WriteBlock_Protection()	16	static
../src/SPI/SPI.cpp:364:6:void SPI_Wait_Busy()	8	static
